// Jest Snapshot v1, https://goo.gl/fbAQLP

exports[`NewsContainer should match the snapshot 1`] = `
ShallowWrapper {
  "length": 1,
  Symbol(enzyme.__root__): [Circular],
  Symbol(enzyme.__unrendered__): <NewsContainer
    newsStories={
        Array [
            Object {
              "abstract": "With imperfect English and tireless posting on Facebook and Twitter, Russian trolls summoned Americans to rallies, praised Donald J. Trump and played on political divisions.",
              "byline": "By SCOTT SHANE",
              "caption": "New York Times",
              "thumbnail": "https://avatars1.githubusercontent.com/u/221409?s=200&v=4",
              "title": "How Unwitting Americans Encountered Russian Operatives Online",
              "url": "https://www.nytimes.com/2018/02/18/us/politics/russian-operatives-facebook-twitter.html",
            },
            Object {
              "abstract": "Critics say the search giant is squelching competition before it begins. Should the government step in?",
              "byline": "By CHARLES DUHIGG",
              "caption": "its a photograph",
              "thumbnail": "https://static01.nyt.com/images/2018/02/25/magazine/25mag-google4-cov/25mag-google4-cov-articleInline.png",
              "title": "The Case Against Google",
              "url": "https://www.nytimes.com/2018/02/20/magazine/the-case-against-google.html",
            },
          ]
    }
/>,
  Symbol(enzyme.__renderer__): Object {
    "batchedUpdates": [Function],
    "getNode": [Function],
    "render": [Function],
    "simulateEvent": [Function],
    "unmount": [Function],
  },
  Symbol(enzyme.__node__): Object {
    "instance": null,
    "key": undefined,
    "nodeType": "host",
    "props": Object {
      "children": Array [
        <Unknown
          selectSection={[Function]}
/>,
        <Route
          path="/:section"
          render={[Function]}
/>,
      ],
      "className": "news-container",
    },
    "ref": null,
    "rendered": Array [
      Object {
        "instance": null,
        "key": undefined,
        "nodeType": "function",
        "props": Object {
          "selectSection": [Function],
        },
        "ref": null,
        "rendered": null,
        "type": [Function],
      },
      Object {
        "instance": null,
        "key": undefined,
        "nodeType": "class",
        "props": Object {
          "path": "/:section",
          "render": [Function],
        },
        "ref": null,
        "rendered": null,
        "type": [Function],
      },
    ],
    "type": "div",
  },
  Symbol(enzyme.__nodes__): Array [
    Object {
      "instance": null,
      "key": undefined,
      "nodeType": "host",
      "props": Object {
        "children": Array [
          <Unknown
            selectSection={[Function]}
/>,
          <Route
            path="/:section"
            render={[Function]}
/>,
        ],
        "className": "news-container",
      },
      "ref": null,
      "rendered": Array [
        Object {
          "instance": null,
          "key": undefined,
          "nodeType": "function",
          "props": Object {
            "selectSection": [Function],
          },
          "ref": null,
          "rendered": null,
          "type": [Function],
        },
        Object {
          "instance": null,
          "key": undefined,
          "nodeType": "class",
          "props": Object {
            "path": "/:section",
            "render": [Function],
          },
          "ref": null,
          "rendered": null,
          "type": [Function],
        },
      ],
      "type": "div",
    },
  ],
  Symbol(enzyme.__options__): Object {
    "adapter": ReactSixteenAdapter {
      "options": Object {
        "enableComponentDidUpdateOnSetState": true,
      },
    },
  },
}
`;
